[package]
build = "cranespecific-dummy.rs"
edition = "2021"
name = "mybin"
version = "0.1.0"
