[workspace]
resolver = "2"
members = ["./member/qux"]
